../Core/Src/CAN_interface.c:10:6:CAN1_Init	8	static
../Core/Src/CAN_interface.c:19:6:CAN1_TX	40	static
../Core/Src/CAN_interface.c:45:6:CAN1_RX	104	static
../Core/Src/CAN_interface.c:65:6:CAN_FilterConfig	48	static
../Core/Src/CAN_interface.c:96:6:HAL_CAN_TxMailbox0CompleteCallback	16	static
../Core/Src/CAN_interface.c:104:6:HAL_CAN_TxMailbox1CompleteCallback	16	static
../Core/Src/CAN_interface.c:109:6:HAL_CAN_TxMailbox2CompleteCallback	16	static
../Core/Src/CAN_interface.c:115:6:HAL_CAN_RxFifo0MsgPendingCallback	112	static
../Core/Src/CAN_interface.c:134:1:HAL_CAN_RxFifo1MsgPendingCallback	16	static
